# Tests pour la fonction print_square
>>> print_square = __import__('4-print_square').print_square

# Test avec une taille normale
>>> print_square(4)
####
####
####
####

# Test avec une taille de 1
>>> print_square(1)
#

# Test avec une taille de 0
>>> print_square(0)


# Test avec une taille négative
>>> print_square(-1)
Traceback (most recent call last):
...
ValueError: size must be >= 0

# Test avec un float
>>> print_square(5.5)
Traceback (most recent call last):
...
TypeError: size must be an integer

# Test avec un float négatif
>>> print_square(-2.5)
Traceback (most recent call last):
...
TypeError: size must be an integer

# Test avec un type non numérique
>>> print_square("4")
Traceback (most recent call last):
...
TypeError: size must be an integer

# Test avec None
>>> print_square(None)
Traceback (most recent call last):
...
TypeError: size must be an integer

# Test avec une grande taille
>>> print_square(10)
##########
##########
##########
##########
##########
##########
##########
##########
##########
##########